// Jest Snapshot v1, https://goo.gl/fbAQLP

exports[`render forecast list 1`] = `
<div
  className="justify-content-md-center row"
>
  <div
    className="custom_card card"
  >
    <div
      className="card-body"
    >
      <div
        className="card-title h5"
      >
        Sunday
      </div>
      <p
        className="card-text"
      >
        Min: 
        14.934999999999999
      </p>
      <p
        className="card-text"
      >
        Max: 
        20.915
      </p>
    </div>
  </div>
  <div
    className="custom_card card"
  >
    <div
      className="card-body"
    >
      <div
        className="card-title h5"
      >
        Monday
      </div>
      <p
        className="card-text"
      >
        Min: 
        15.855
      </p>
      <p
        className="card-text"
      >
        Max: 
        22.990000000000002
      </p>
    </div>
  </div>
  <div
    className="custom_card card"
  >
    <div
      className="card-body"
    >
      <div
        className="card-title h5"
      >
        Tuesday
      </div>
      <p
        className="card-text"
      >
        Min: 
        17.1
      </p>
      <p
        className="card-text"
      >
        Max: 
        25.31
      </p>
    </div>
  </div>
  <div
    className="custom_card card"
  >
    <div
      className="card-body"
    >
      <div
        className="card-title h5"
      >
        Wednesday
      </div>
      <p
        className="card-text"
      >
        Min: 
        18.02
      </p>
      <p
        className="card-text"
      >
        Max: 
        26.72
      </p>
    </div>
  </div>
  <div
    className="custom_card card"
  >
    <div
      className="card-body"
    >
      <div
        className="card-title h5"
      >
        Wednesday
      </div>
      <p
        className="card-text"
      >
        Min: 
        18.02
      </p>
      <p
        className="card-text"
      >
        Max: 
        26.72
      </p>
    </div>
  </div>
</div>
`;
